// Jest Snapshot v1, https://goo.gl/fbAQLP

exports[`rendering renders as expected 1`] = `
<LinearGradient
  colors={
    Array [
      "#154BBA",
      "#107EC2",
    ]
  }
  end={
    Array [
      1,
      0,
    ]
  }
  start={
    Array [
      0,
      0,
    ]
  }
  style={
    Array [
      Object {
        "borderRadius": 5,
        "height": 32,
        "width": 32,
      },
      Object {
        "alignItems": "center",
        "justifyContent": "center",
      },
    ]
  }
>
  <Icon
    allowFontScaling={false}
    color="#fff"
    name="moon"
    size={24}
  />
</LinearGradient>
`;
